518233019
74879005
160175011
457914775
1270025187
813959735
446256728
337156017
1332147901
1310354242